// Jest Snapshot v1, https://goo.gl/fbAQLP

exports[`<ContactList /> Component renders correctly 1`] = `
ShallowWrapper {
  "complexSelector": ComplexSelector {
    "buildPredicate": [Function],
    "childrenOfNode": [Function],
    "findWhereUnwrapped": [Function],
  },
  "length": 1,
  "node": <div>
    <h2>
        Contact List
    </h2>
    <table>
        <tbody>
            <ContactItem
                address="81456 Elinor Mountain Suite 968"
                email="Ian.Dietrich@yahoo.com"
                firstName="Dina"
                id="90ea73a5-db19-3fb7-a6b4-539d9aa464e8"
                lastName="Reilly"
                phoneNumber="760.352.1867 x6215"
            />
            <ContactItem
                address="289 Durward Avenue Apt. 829"
                email="Grayce_Ankunding@yahoo.com"
                firstName="Taryn"
                id="131a9b92-8262-65da-3f24-5e4dda80e585"
                lastName="Balistreri"
                phoneNumber="801.583.9936 x6833"
            />
            <ContactItem
                address="97636 Schroeder Place Apt. 677"
                email="Francis26@hotmail.com"
                firstName="Otho"
                id="f66e59f9-194a-00f3-76fd-f52bf9852549"
                lastName="Wunsch"
                phoneNumber="917.325.5149"
            />
            <ContactItem
                address="885 Kuvalis Trail Apt. 081"
                email="Haskell_Crist57@hotmail.com"
                firstName="Domingo"
                id="4540d64e-ada0-8b2b-a21f-cda290e3381d"
                lastName="Koss"
                phoneNumber="1-204-667-1305 x020"
            />
            <ContactItem
                address="64858 Auer Parkways Suite 146"
                email="Zora94@gmail.com"
                firstName="Hellen"
                id="c49c69f0-f25b-a426-bdf8-0ab8bfe5eddd"
                lastName="Crooks"
                phoneNumber="030.052.9393 x678"
            />
        </tbody>
    </table>
</div>,
  "nodes": Array [
    <div>
      <h2>
            Contact List
      </h2>
      <table>
            <tbody>
                  <ContactItem
                        address="81456 Elinor Mountain Suite 968"
                        email="Ian.Dietrich@yahoo.com"
                        firstName="Dina"
                        id="90ea73a5-db19-3fb7-a6b4-539d9aa464e8"
                        lastName="Reilly"
                        phoneNumber="760.352.1867 x6215"
                  />
                  <ContactItem
                        address="289 Durward Avenue Apt. 829"
                        email="Grayce_Ankunding@yahoo.com"
                        firstName="Taryn"
                        id="131a9b92-8262-65da-3f24-5e4dda80e585"
                        lastName="Balistreri"
                        phoneNumber="801.583.9936 x6833"
                  />
                  <ContactItem
                        address="97636 Schroeder Place Apt. 677"
                        email="Francis26@hotmail.com"
                        firstName="Otho"
                        id="f66e59f9-194a-00f3-76fd-f52bf9852549"
                        lastName="Wunsch"
                        phoneNumber="917.325.5149"
                  />
                  <ContactItem
                        address="885 Kuvalis Trail Apt. 081"
                        email="Haskell_Crist57@hotmail.com"
                        firstName="Domingo"
                        id="4540d64e-ada0-8b2b-a21f-cda290e3381d"
                        lastName="Koss"
                        phoneNumber="1-204-667-1305 x020"
                  />
                  <ContactItem
                        address="64858 Auer Parkways Suite 146"
                        email="Zora94@gmail.com"
                        firstName="Hellen"
                        id="c49c69f0-f25b-a426-bdf8-0ab8bfe5eddd"
                        lastName="Crooks"
                        phoneNumber="030.052.9393 x678"
                  />
            </tbody>
      </table>
</div>,
  ],
  "options": Object {},
  "renderer": ReactShallowRenderer {
    "_instance": ShallowComponentWrapper {
      "_calledComponentWillUnmount": false,
      "_compositeType": 2,
      "_context": Object {},
      "_currentElement": <ContactList
        contacts={
                Array [
                        Object {
                          "address": "81456 Elinor Mountain Suite 968",
                          "email": "Ian.Dietrich@yahoo.com",
                          "firstName": "Dina",
                          "id": "90ea73a5-db19-3fb7-a6b4-539d9aa464e8",
                          "lastName": "Reilly",
                          "phoneNumber": "760.352.1867 x6215",
                        },
                        Object {
                          "address": "289 Durward Avenue Apt. 829",
                          "email": "Grayce_Ankunding@yahoo.com",
                          "firstName": "Taryn",
                          "id": "131a9b92-8262-65da-3f24-5e4dda80e585",
                          "lastName": "Balistreri",
                          "phoneNumber": "801.583.9936 x6833",
                        },
                        Object {
                          "address": "97636 Schroeder Place Apt. 677",
                          "email": "Francis26@hotmail.com",
                          "firstName": "Otho",
                          "id": "f66e59f9-194a-00f3-76fd-f52bf9852549",
                          "lastName": "Wunsch",
                          "phoneNumber": "917.325.5149",
                        },
                        Object {
                          "address": "885 Kuvalis Trail Apt. 081",
                          "email": "Haskell_Crist57@hotmail.com",
                          "firstName": "Domingo",
                          "id": "4540d64e-ada0-8b2b-a21f-cda290e3381d",
                          "lastName": "Koss",
                          "phoneNumber": "1-204-667-1305 x020",
                        },
                        Object {
                          "address": "64858 Auer Parkways Suite 146",
                          "email": "Zora94@gmail.com",
                          "firstName": "Hellen",
                          "id": "c49c69f0-f25b-a426-bdf8-0ab8bfe5eddd",
                          "lastName": "Crooks",
                          "phoneNumber": "030.052.9393 x678",
                        },
                      ]
        }
/>,
      "_debugID": 1,
      "_hostContainerInfo": null,
      "_hostParent": null,
      "_instance": StatelessComponent {
        "_reactInternalInstance": [Circular],
        "context": Object {},
        "props": Object {
          "contacts": Array [
            Object {
              "address": "81456 Elinor Mountain Suite 968",
              "email": "Ian.Dietrich@yahoo.com",
              "firstName": "Dina",
              "id": "90ea73a5-db19-3fb7-a6b4-539d9aa464e8",
              "lastName": "Reilly",
              "phoneNumber": "760.352.1867 x6215",
            },
            Object {
              "address": "289 Durward Avenue Apt. 829",
              "email": "Grayce_Ankunding@yahoo.com",
              "firstName": "Taryn",
              "id": "131a9b92-8262-65da-3f24-5e4dda80e585",
              "lastName": "Balistreri",
              "phoneNumber": "801.583.9936 x6833",
            },
            Object {
              "address": "97636 Schroeder Place Apt. 677",
              "email": "Francis26@hotmail.com",
              "firstName": "Otho",
              "id": "f66e59f9-194a-00f3-76fd-f52bf9852549",
              "lastName": "Wunsch",
              "phoneNumber": "917.325.5149",
            },
            Object {
              "address": "885 Kuvalis Trail Apt. 081",
              "email": "Haskell_Crist57@hotmail.com",
              "firstName": "Domingo",
              "id": "4540d64e-ada0-8b2b-a21f-cda290e3381d",
              "lastName": "Koss",
              "phoneNumber": "1-204-667-1305 x020",
            },
            Object {
              "address": "64858 Auer Parkways Suite 146",
              "email": "Zora94@gmail.com",
              "firstName": "Hellen",
              "id": "c49c69f0-f25b-a426-bdf8-0ab8bfe5eddd",
              "lastName": "Crooks",
              "phoneNumber": "030.052.9393 x678",
            },
          ],
        },
        "refs": Object {},
        "state": null,
        "updater": Object {
          "enqueueCallback": [Function],
          "enqueueCallbackInternal": [Function],
          "enqueueElementInternal": [Function],
          "enqueueForceUpdate": [Function],
          "enqueueReplaceState": [Function],
          "enqueueSetState": [Function],
          "isMounted": [Function],
          "validateCallback": [Function],
        },
      },
      "_mountOrder": 1,
      "_pendingCallbacks": null,
      "_pendingElement": null,
      "_pendingForceUpdate": false,
      "_pendingReplaceState": false,
      "_pendingStateQueue": null,
      "_renderedComponent": NoopInternalComponent {
        "_currentElement": <div>
          <h2>
                    Contact List
          </h2>
          <table>
                    <tbody>
                              <ContactItem
                                        address="81456 Elinor Mountain Suite 968"
                                        email="Ian.Dietrich@yahoo.com"
                                        firstName="Dina"
                                        id="90ea73a5-db19-3fb7-a6b4-539d9aa464e8"
                                        lastName="Reilly"
                                        phoneNumber="760.352.1867 x6215"
                              />
                              <ContactItem
                                        address="289 Durward Avenue Apt. 829"
                                        email="Grayce_Ankunding@yahoo.com"
                                        firstName="Taryn"
                                        id="131a9b92-8262-65da-3f24-5e4dda80e585"
                                        lastName="Balistreri"
                                        phoneNumber="801.583.9936 x6833"
                              />
                              <ContactItem
                                        address="97636 Schroeder Place Apt. 677"
                                        email="Francis26@hotmail.com"
                                        firstName="Otho"
                                        id="f66e59f9-194a-00f3-76fd-f52bf9852549"
                                        lastName="Wunsch"
                                        phoneNumber="917.325.5149"
                              />
                              <ContactItem
                                        address="885 Kuvalis Trail Apt. 081"
                                        email="Haskell_Crist57@hotmail.com"
                                        firstName="Domingo"
                                        id="4540d64e-ada0-8b2b-a21f-cda290e3381d"
                                        lastName="Koss"
                                        phoneNumber="1-204-667-1305 x020"
                              />
                              <ContactItem
                                        address="64858 Auer Parkways Suite 146"
                                        email="Zora94@gmail.com"
                                        firstName="Hellen"
                                        id="c49c69f0-f25b-a426-bdf8-0ab8bfe5eddd"
                                        lastName="Crooks"
                                        phoneNumber="030.052.9393 x678"
                              />
                    </tbody>
          </table>
</div>,
        "_debugID": 2,
        "_renderedOutput": <div>
          <h2>
                    Contact List
          </h2>
          <table>
                    <tbody>
                              <ContactItem
                                        address="81456 Elinor Mountain Suite 968"
                                        email="Ian.Dietrich@yahoo.com"
                                        firstName="Dina"
                                        id="90ea73a5-db19-3fb7-a6b4-539d9aa464e8"
                                        lastName="Reilly"
                                        phoneNumber="760.352.1867 x6215"
                              />
                              <ContactItem
                                        address="289 Durward Avenue Apt. 829"
                                        email="Grayce_Ankunding@yahoo.com"
                                        firstName="Taryn"
                                        id="131a9b92-8262-65da-3f24-5e4dda80e585"
                                        lastName="Balistreri"
                                        phoneNumber="801.583.9936 x6833"
                              />
                              <ContactItem
                                        address="97636 Schroeder Place Apt. 677"
                                        email="Francis26@hotmail.com"
                                        firstName="Otho"
                                        id="f66e59f9-194a-00f3-76fd-f52bf9852549"
                                        lastName="Wunsch"
                                        phoneNumber="917.325.5149"
                              />
                              <ContactItem
                                        address="885 Kuvalis Trail Apt. 081"
                                        email="Haskell_Crist57@hotmail.com"
                                        firstName="Domingo"
                                        id="4540d64e-ada0-8b2b-a21f-cda290e3381d"
                                        lastName="Koss"
                                        phoneNumber="1-204-667-1305 x020"
                              />
                              <ContactItem
                                        address="64858 Auer Parkways Suite 146"
                                        email="Zora94@gmail.com"
                                        firstName="Hellen"
                                        id="c49c69f0-f25b-a426-bdf8-0ab8bfe5eddd"
                                        lastName="Crooks"
                                        phoneNumber="030.052.9393 x678"
                              />
                    </tbody>
          </table>
</div>,
      },
      "_renderedNodeType": 0,
      "_rootNodeID": 0,
      "_topLevelWrapper": null,
      "_updateBatchNumber": null,
      "_warnedAboutRefsInRender": false,
    },
    "getRenderOutput": [Function],
    "render": [Function],
  },
  "root": [Circular],
  "unrendered": <ContactList
    contacts={
        Array [
            Object {
              "address": "81456 Elinor Mountain Suite 968",
              "email": "Ian.Dietrich@yahoo.com",
              "firstName": "Dina",
              "id": "90ea73a5-db19-3fb7-a6b4-539d9aa464e8",
              "lastName": "Reilly",
              "phoneNumber": "760.352.1867 x6215",
            },
            Object {
              "address": "289 Durward Avenue Apt. 829",
              "email": "Grayce_Ankunding@yahoo.com",
              "firstName": "Taryn",
              "id": "131a9b92-8262-65da-3f24-5e4dda80e585",
              "lastName": "Balistreri",
              "phoneNumber": "801.583.9936 x6833",
            },
            Object {
              "address": "97636 Schroeder Place Apt. 677",
              "email": "Francis26@hotmail.com",
              "firstName": "Otho",
              "id": "f66e59f9-194a-00f3-76fd-f52bf9852549",
              "lastName": "Wunsch",
              "phoneNumber": "917.325.5149",
            },
            Object {
              "address": "885 Kuvalis Trail Apt. 081",
              "email": "Haskell_Crist57@hotmail.com",
              "firstName": "Domingo",
              "id": "4540d64e-ada0-8b2b-a21f-cda290e3381d",
              "lastName": "Koss",
              "phoneNumber": "1-204-667-1305 x020",
            },
            Object {
              "address": "64858 Auer Parkways Suite 146",
              "email": "Zora94@gmail.com",
              "firstName": "Hellen",
              "id": "c49c69f0-f25b-a426-bdf8-0ab8bfe5eddd",
              "lastName": "Crooks",
              "phoneNumber": "030.052.9393 x678",
            },
          ]
    }
/>,
}
`;
