// Jest Snapshot v1, https://goo.gl/fbAQLP

exports[`<ContactItem /> Component renders correctly 1`] = `
ShallowWrapper {
  "complexSelector": ComplexSelector {
    "buildPredicate": [Function],
    "childrenOfNode": [Function],
    "findWhereUnwrapped": [Function],
  },
  "length": 1,
  "node": <tr
    className="contact__item"
>
    <td>
        90ea73a5-db19-3fb7-a6b4-539d9aa464e8
    </td>
    <td>
        Dina
    </td>
    <td>
        Reilly
    </td>
    <td>
        81456 Elinor Mountain Suite 968
    </td>
    <td>
        760.352.1867 x6215
    </td>
    <td>
        Ian.Dietrich@yahoo.com
    </td>
    <td>
        <Link
            replace={false}
            style={
                Object {
                    "marginRight": "5px",
                  }
            }
            to="/90ea73a5-db19-3fb7-a6b4-539d9aa464e8/edit"
        >
            Edit
        </Link>
        <Link
            replace={false}
            to="/90ea73a5-db19-3fb7-a6b4-539d9aa464e8/delete"
        >
            Delete
        </Link>
    </td>
</tr>,
  "nodes": Array [
    <tr
      className="contact__item"
>
      <td>
            90ea73a5-db19-3fb7-a6b4-539d9aa464e8
      </td>
      <td>
            Dina
      </td>
      <td>
            Reilly
      </td>
      <td>
            81456 Elinor Mountain Suite 968
      </td>
      <td>
            760.352.1867 x6215
      </td>
      <td>
            Ian.Dietrich@yahoo.com
      </td>
      <td>
            <Link
                  replace={false}
                  style={
                        Object {
                              "marginRight": "5px",
                            }
                  }
                  to="/90ea73a5-db19-3fb7-a6b4-539d9aa464e8/edit"
            >
                  Edit
            </Link>
            <Link
                  replace={false}
                  to="/90ea73a5-db19-3fb7-a6b4-539d9aa464e8/delete"
            >
                  Delete
            </Link>
      </td>
</tr>,
  ],
  "options": Object {},
  "renderer": ReactShallowRenderer {
    "_instance": ShallowComponentWrapper {
      "_calledComponentWillUnmount": false,
      "_compositeType": 2,
      "_context": Object {},
      "_currentElement": <ContactItem
        address="81456 Elinor Mountain Suite 968"
        email="Ian.Dietrich@yahoo.com"
        firstName="Dina"
        id="90ea73a5-db19-3fb7-a6b4-539d9aa464e8"
        lastName="Reilly"
        phoneNumber="760.352.1867 x6215"
/>,
      "_debugID": 1,
      "_hostContainerInfo": null,
      "_hostParent": null,
      "_instance": StatelessComponent {
        "_reactInternalInstance": [Circular],
        "context": Object {},
        "props": Object {
          "address": "81456 Elinor Mountain Suite 968",
          "email": "Ian.Dietrich@yahoo.com",
          "firstName": "Dina",
          "id": "90ea73a5-db19-3fb7-a6b4-539d9aa464e8",
          "lastName": "Reilly",
          "phoneNumber": "760.352.1867 x6215",
        },
        "refs": Object {},
        "state": null,
        "updater": Object {
          "enqueueCallback": [Function],
          "enqueueCallbackInternal": [Function],
          "enqueueElementInternal": [Function],
          "enqueueForceUpdate": [Function],
          "enqueueReplaceState": [Function],
          "enqueueSetState": [Function],
          "isMounted": [Function],
          "validateCallback": [Function],
        },
      },
      "_mountOrder": 1,
      "_pendingCallbacks": null,
      "_pendingElement": null,
      "_pendingForceUpdate": false,
      "_pendingReplaceState": false,
      "_pendingStateQueue": null,
      "_renderedComponent": NoopInternalComponent {
        "_currentElement": <tr
          className="contact__item"
>
          <td>
                    90ea73a5-db19-3fb7-a6b4-539d9aa464e8
          </td>
          <td>
                    Dina
          </td>
          <td>
                    Reilly
          </td>
          <td>
                    81456 Elinor Mountain Suite 968
          </td>
          <td>
                    760.352.1867 x6215
          </td>
          <td>
                    Ian.Dietrich@yahoo.com
          </td>
          <td>
                    <Link
                              replace={false}
                              style={
                                        Object {
                                                  "marginRight": "5px",
                                                }
                              }
                              to="/90ea73a5-db19-3fb7-a6b4-539d9aa464e8/edit"
                    >
                              Edit
                    </Link>
                    <Link
                              replace={false}
                              to="/90ea73a5-db19-3fb7-a6b4-539d9aa464e8/delete"
                    >
                              Delete
                    </Link>
          </td>
</tr>,
        "_debugID": 2,
        "_renderedOutput": <tr
          className="contact__item"
>
          <td>
                    90ea73a5-db19-3fb7-a6b4-539d9aa464e8
          </td>
          <td>
                    Dina
          </td>
          <td>
                    Reilly
          </td>
          <td>
                    81456 Elinor Mountain Suite 968
          </td>
          <td>
                    760.352.1867 x6215
          </td>
          <td>
                    Ian.Dietrich@yahoo.com
          </td>
          <td>
                    <Link
                              replace={false}
                              style={
                                        Object {
                                                  "marginRight": "5px",
                                                }
                              }
                              to="/90ea73a5-db19-3fb7-a6b4-539d9aa464e8/edit"
                    >
                              Edit
                    </Link>
                    <Link
                              replace={false}
                              to="/90ea73a5-db19-3fb7-a6b4-539d9aa464e8/delete"
                    >
                              Delete
                    </Link>
          </td>
</tr>,
      },
      "_renderedNodeType": 0,
      "_rootNodeID": 0,
      "_topLevelWrapper": null,
      "_updateBatchNumber": null,
      "_warnedAboutRefsInRender": false,
    },
    "getRenderOutput": [Function],
    "render": [Function],
  },
  "root": [Circular],
  "unrendered": <ContactItem
    address="81456 Elinor Mountain Suite 968"
    email="Ian.Dietrich@yahoo.com"
    firstName="Dina"
    id="90ea73a5-db19-3fb7-a6b4-539d9aa464e8"
    lastName="Reilly"
    phoneNumber="760.352.1867 x6215"
/>,
}
`;
